[      69ms] [INFO] %cDownload the React DevTools for a better development experience: https://react.dev/link/react-devtools font-weight:bold @ http://127.0.0.1:5173/node_modules/.vite/deps/react-dom_client.js?v=678783cc:20102
[   29989ms] [LOG] [ttyd] websocket connection opened @ http://localhost:50265/:1
[   30037ms] [LOG] [ttyd] WebGL renderer loaded @ http://localhost:50265/:1
[   30038ms] [LOG] [ttyd] Leave site alert disabled @ http://localhost:50265/:1
[   30038ms] [LOG] [ttyd] setting Unicode version: 11 @ http://localhost:50265/:1
[   30038ms] [LOG] [ttyd] option: fontSize=15 @ http://localhost:50265/:1
[   30048ms] [LOG] [ttyd] option: lineHeight=1.35 @ http://localhost:50265/:1
[   30050ms] [LOG] [ttyd] option: fontFamily="Cascadia Mono, JetBrains Mono, Consolas, monospace" @ http://localhost:50265/:1
[   30066ms] [LOG] [ttyd] option: cursorBlink=true @ http://localhost:50265/:1
[   30066ms] [LOG] [ttyd] option: cursorStyle="bar" @ http://localhost:50265/:1
[   30066ms] [LOG] [ttyd] option: scrollback=10000 @ http://localhost:50265/:1
[   30067ms] [LOG] [ttyd] option: theme={"background":"#1f2430","foreground":"#e5e7eb","cursor":"#f8fafc","selectionBackground":"#3b82f680","black":"#111827","red":"#ef4444","green":"#22c55e","yellow":"#facc15","blue":"#60a5fa","magenta":"#c084fc","cyan":"#2dd4bf","white":"#f8fafc","brightBlack":"#64748b","brightRed":"#f87171","brightGreen":"#4ade80","brightYellow":"#fde047","brightBlue":"#93c5fd","brightMagenta":"#d8b4fe","brightCyan":"#67e8f9","brightWhite":"#ffffff"} @ http://localhost:50265/:1
[  171800ms] [LOG] [ttyd] websocket connection closed with code: 1006 @ http://localhost:50265/:1
[  171819ms] [ERROR] Failed to load resource: net::ERR_EMPTY_RESPONSE @ http://localhost:50265/token:0
[  171819ms] [ERROR] [ttyd] fetch http://localhost:50265/token:  TypeError: Failed to fetch
    at p.refreshToken (http://localhost:50265/:2:580167)
    at p.onSocketClose (http://localhost:50265/:2:583243) @ http://localhost:50265/:1
[  171823ms] [ERROR] WebSocket connection to 'ws://localhost:50265/ws' failed: Connection closed before receiving a handshake response @ http://localhost:50265/:1
[  171823ms] [LOG] [ttyd] websocket connection closed with code: 1006 @ http://localhost:50265/:1
[ 1075350ms] [INFO] %cDownload the React DevTools for a better development experience: https://react.dev/link/react-devtools font-weight:bold @ http://127.0.0.1:5173/node_modules/.vite/deps/react-dom_client.js?v=678783cc:20102
[ 1102668ms] [LOG] [vite] server connection lost. Polling for restart... @ http://127.0.0.1:5173/@vite/client:864
[ 1104730ms] [INFO] %cDownload the React DevTools for a better development experience: https://react.dev/link/react-devtools font-weight:bold @ http://127.0.0.1:5173/node_modules/.vite/deps/react-dom_client.js?v=678783cc:20102
