[   32080ms] [LOG] [ttyd] websocket connection opened @ http://localhost:61549/:1
[   32125ms] [LOG] [ttyd] WebGL renderer loaded @ http://localhost:61549/:1
[   32125ms] [LOG] [ttyd] Leave site alert disabled @ http://localhost:61549/:1
[   32125ms] [LOG] [ttyd] setting Unicode version: 11 @ http://localhost:61549/:1
[   32125ms] [LOG] [ttyd] option: fontSize=15 @ http://localhost:61549/:1
[   32134ms] [LOG] [ttyd] option: lineHeight=1.35 @ http://localhost:61549/:1
[   32135ms] [LOG] [ttyd] option: fontFamily="Cascadia Mono, JetBrains Mono, Consolas, monospace" @ http://localhost:61549/:1
[   32146ms] [LOG] [ttyd] option: cursorBlink=true @ http://localhost:61549/:1
[   32146ms] [LOG] [ttyd] option: cursorStyle="bar" @ http://localhost:61549/:1
[   32146ms] [LOG] [ttyd] option: scrollback=10000 @ http://localhost:61549/:1
[   32147ms] [LOG] [ttyd] option: theme={"background":"#1f2430","foreground":"#e5e7eb","cursor":"#f8fafc","selectionBackground":"#3b82f680","black":"#111827","red":"#ef4444","green":"#22c55e","yellow":"#facc15","blue":"#60a5fa","magenta":"#c084fc","cyan":"#2dd4bf","white":"#f8fafc","brightBlack":"#64748b","brightRed":"#f87171","brightGreen":"#4ade80","brightYellow":"#fde047","brightBlue":"#93c5fd","brightMagenta":"#d8b4fe","brightCyan":"#67e8f9","brightWhite":"#ffffff"} @ http://localhost:61549/:1
[  338658ms] [LOG] [ttyd] websocket connection closed with code: 1006 @ http://localhost:61549/:1
[  338665ms] [ERROR] Failed to load resource: net::ERR_EMPTY_RESPONSE @ http://localhost:61549/token:0
[  338665ms] [ERROR] [ttyd] fetch http://localhost:61549/token:  TypeError: Failed to fetch
    at p.refreshToken (http://localhost:61549/:2:580167)
    at p.onSocketClose (http://localhost:61549/:2:583243) @ http://localhost:61549/:1
[  338668ms] [ERROR] WebSocket connection to 'ws://localhost:61549/ws' failed: Connection closed before receiving a handshake response @ http://localhost:61549/:1
[  338669ms] [LOG] [ttyd] websocket connection closed with code: 1006 @ http://localhost:61549/:1
[  339577ms] [LOG] [ttyd] websocket connection opened @ http://localhost:52574/:1
[  339599ms] [LOG] [ttyd] WebGL renderer loaded @ http://localhost:52574/:1
[  339599ms] [LOG] [ttyd] Leave site alert disabled @ http://localhost:52574/:1
[  339599ms] [LOG] [ttyd] setting Unicode version: 11 @ http://localhost:52574/:1
[  339599ms] [LOG] [ttyd] option: fontSize=15 @ http://localhost:52574/:1
[  339605ms] [LOG] [ttyd] option: lineHeight=1.35 @ http://localhost:52574/:1
[  339607ms] [LOG] [ttyd] option: fontFamily="Cascadia Mono, JetBrains Mono, Consolas, monospace" @ http://localhost:52574/:1
[  339610ms] [LOG] [ttyd] option: cursorBlink=true @ http://localhost:52574/:1
[  339611ms] [LOG] [ttyd] option: cursorStyle="bar" @ http://localhost:52574/:1
[  339611ms] [LOG] [ttyd] option: scrollback=10000 @ http://localhost:52574/:1
[  339611ms] [LOG] [ttyd] option: theme={"background":"#1f2430","foreground":"#e5e7eb","cursor":"#f8fafc","selectionBackground":"#3b82f680","black":"#111827","red":"#ef4444","green":"#22c55e","yellow":"#facc15","blue":"#60a5fa","magenta":"#c084fc","cyan":"#2dd4bf","white":"#f8fafc","brightBlack":"#64748b","brightRed":"#f87171","brightGreen":"#4ade80","brightYellow":"#fde047","brightBlue":"#93c5fd","brightMagenta":"#d8b4fe","brightCyan":"#67e8f9","brightWhite":"#ffffff"} @ http://localhost:52574/:1
[  663473ms] [WARNING] WebGL: CONTEXT_LOST_WEBGL: loseContext: context lost @ http://localhost:52574/:0
[  663473ms] [LOG] webglcontextlost event received @ http://localhost:52574/:1
[  664641ms] [WARNING] webglcontextrestored event received @ http://localhost:52574/:1
[  664647ms] [WARNING] WebGL: INVALID_OPERATION: delete: object does not belong to this context @ http://localhost:52574/:1
[  664647ms] [WARNING] WebGL: INVALID_OPERATION: delete: object does not belong to this context @ http://localhost:52574/:1
[  664647ms] [WARNING] WebGL: INVALID_OPERATION: delete: object does not belong to this context @ http://localhost:52574/:1
[  664648ms] [WARNING] WebGL: INVALID_OPERATION: delete: object does not belong to this context @ http://localhost:52574/:1
[  664661ms] [WARNING] WebGL: INVALID_OPERATION: delete: object does not belong to this context @ http://localhost:52574/:1
[  664661ms] [WARNING] WebGL: INVALID_OPERATION: delete: object does not belong to this context @ http://localhost:52574/:1
[  664661ms] [WARNING] WebGL: INVALID_OPERATION: delete: object does not belong to this context @ http://localhost:52574/:1
[  664661ms] [WARNING] WebGL: INVALID_OPERATION: delete: object does not belong to this context @ http://localhost:52574/:1
[  664661ms] [WARNING] WebGL: INVALID_OPERATION: delete: object does not belong to this context @ http://localhost:52574/:1
[  664661ms] [WARNING] WebGL: INVALID_OPERATION: delete: object does not belong to this context @ http://localhost:52574/:1
[  664661ms] [WARNING] WebGL: INVALID_OPERATION: delete: object does not belong to this context @ http://localhost:52574/:1
[  664661ms] [WARNING] WebGL: INVALID_OPERATION: delete: object does not belong to this context @ http://localhost:52574/:1
[  664662ms] [WARNING] WebGL: INVALID_OPERATION: delete: object does not belong to this context @ http://localhost:52574/:1
[  664662ms] [WARNING] WebGL: INVALID_OPERATION: delete: object does not belong to this context @ http://localhost:52574/:1
[  664662ms] [WARNING] WebGL: INVALID_OPERATION: delete: object does not belong to this context @ http://localhost:52574/:1
[  664662ms] [WARNING] WebGL: INVALID_OPERATION: delete: object does not belong to this context @ http://localhost:52574/:1
[  664662ms] [WARNING] WebGL: INVALID_OPERATION: delete: object does not belong to this context @ http://localhost:52574/:1
[  664662ms] [WARNING] WebGL: INVALID_OPERATION: delete: object does not belong to this context @ http://localhost:52574/:1
[  664662ms] [WARNING] WebGL: INVALID_OPERATION: delete: object does not belong to this context @ http://localhost:52574/:1
[  664662ms] [WARNING] WebGL: INVALID_OPERATION: delete: object does not belong to this context @ http://localhost:52574/:1
[  664662ms] [WARNING] WebGL: INVALID_OPERATION: delete: object does not belong to this context @ http://localhost:52574/:1
[  664662ms] [WARNING] WebGL: INVALID_OPERATION: delete: object does not belong to this context @ http://localhost:52574/:1
[  664662ms] [WARNING] WebGL: INVALID_OPERATION: delete: object does not belong to this context @ http://localhost:52574/:1
[  664662ms] [WARNING] WebGL: INVALID_OPERATION: delete: object does not belong to this context @ http://localhost:52574/:1
[ 1694897ms] [LOG] [ttyd] websocket connection closed with code: 1006 @ http://localhost:52574/:1
[ 1694905ms] [ERROR] Failed to load resource: net::ERR_EMPTY_RESPONSE @ http://localhost:52574/token:0
[ 1694905ms] [ERROR] [ttyd] fetch http://localhost:52574/token:  TypeError: Failed to fetch
    at p.refreshToken (http://localhost:52574/:2:580167)
    at p.onSocketClose (http://localhost:52574/:2:583243) @ http://localhost:52574/:1
[ 1694910ms] [ERROR] WebSocket connection to 'ws://localhost:52574/ws' failed: Connection closed before receiving a handshake response @ http://localhost:52574/:1
[ 1694911ms] [LOG] [ttyd] websocket connection closed with code: 1006 @ http://localhost:52574/:1
